../Core/Src/main.c:75:5:_write	24	static
../Core/Src/main.c:80:6:HAL_DMA_STATE_CHANGE	16	static
../Core/Src/main.c:90:5:main	32	static
../Core/Src/main.c:169:6:SystemClock_Config	72	static
../Core/Src/main.c:208:13:MX_CAN_Init	8	static
../Core/Src/main.c:245:13:MX_SPI1_Init	8	static
../Core/Src/main.c:282:13:MX_USART2_UART_Init	8	static
../Core/Src/main.c:313:13:MX_DMA_Init	16	static
../Core/Src/main.c:334:13:MX_GPIO_Init	40	static
../Core/Src/main.c:361:6:HAL_SPI_TxCpltCallback	16	static
../Core/Src/main.c:366:6:HAL_CAN_RxFifo0MsgPendingCallback	16	static
../Core/Src/main.c:387:6:Error_Handler	4	static,ignoring_inline_asm
